// Jest Snapshot v1, https://goo.gl/fbAQLP

exports[`Wallet renders properly 1`] = `
<div>
  <h3
    className="balance"
  >
    Wallet balance: 
  </h3>
</div>
`;
